[opened /dev/cu.usbmodem3C8427EEA3582]

[main] e-paper bike computer booting
[+1s] boot firmware v0.88 (reset: power-on / power-loss [1])
[+1s] cpu 240 MHz
[  1255][W][Wire.cpp:301] begin(): Bus already started in Master Mode.
(230) Checking chosen profile
(244) Checking data memory
[+1s] gauge: init ok, device 0x0220 (expect 0x0220)
[+1s] gauge: boot SOC 83% after 1 try
[  1509][E][Preferences.cpp:460] getString(): nvs_get_str len fail: sens_cad NOT_FOUND
[  1514][E][Preferences.cpp:460] getString(): nvs_get_str len fail: snm_cad NOT_FOUND
[cfg] ftp=300W tz=-420min sensors=[de:16:0b:2f:f7:eb|da:6a:a5:0e:6f:b0|]
[epdc] heap before: internal=207896 (largest 180212) psram=8337127
[epdc] fastbuffer->PSRAM: reserved 131060 internal, largest now 49140 (need >129600 to stay internal)
[  1544][W][EPD_Painter.cpp:765] begin(): [EPD] packed_fastbuffer: internal alloc failed, retrying in PSRAM
[epdc] ready: 4 grey levels, internal left=177776 psram left=7040847
[ui] 1604 ms: panel up
[ui] 1605 ms: backlight
[  1605][W][Wire.cpp:301] begin(): Bus already started in Master Mode.
[ui] 1653 ms: touch
[ui] 1653 ms: about to clear x4
[epdc] clear 0/4 enter (1653 ms)
[epdc] clear 0/4 done (2067 ms)
[epdc] clear 1/4 enter (2067 ms)
[epdc] clear 1/4 done (2265 ms)
[epdc] clear 2/4 enter (2265 ms)
[epdc] clear 2/4 done (2463 ms)
[epdc] clear 3/4 enter (2463 ms)
[epdc] clear 3/4 done (2662 ms)
[ui] 2662 ms: cleared
[ui] 2662 ms: buffers
[rec] SD ready, 30412 MB free

[port dropped: read failed: [Errno 6] Device not configured]
[opened /dev/cu.usbmodem3C8427EEA3582]

[main] e-paper bike computer booting
[+1s] boot firmware v0.88 (reset: interrupt watchdog [5])
[+1s] cpu 240 MHz
[  1160][W][Wire.cpp:301] begin(): Bus already started in Master Mode.
(230) Checking chosen profile
(244) Checking data memory
[+1s] gauge: init ok, device 0x0220 (expect 0x0220)
[+1s] gauge: boot SOC 83% after 1 try
[  1414][E][Preferences.cpp:460] getString(): nvs_get_str len fail: sens_cad NOT_FOUND
[  1419][E][Preferences.cpp:460] getString(): nvs_get_str len fail: snm_cad NOT_FOUND
[cfg] ftp=300W tz=-420min sensors=[de:16:0b:2f:f7:eb|da:6a:a5:0e:6f:b0|]
[epdc] heap before: internal=207896 (largest 180212) psram=8337127
[epdc] fastbuffer->PSRAM: reserved 131060 internal, largest now 49140 (need >129600 to stay internal)
[  1449][W][EPD_Painter.cpp:765] begin(): [EPD] packed_fastbuffer: internal alloc failed, retrying in PSRAM
[epdc] ready: 4 grey levels, internal left=177776 psram left=7040847
[ui] 1459 ms: panel up
[ui] 1460 ms: backlight
[  1460][W][Wire.cpp:301] begin(): Bus already started in Master Mode.
[ui] 1507 ms: touch
[ui] 1508 ms: about to clear x4
[epdc] clear 0/4 enter (1508 ms)
[epdc] clear 0/4 done (1870 ms)
[epdc] clear 1/4 enter (1871 ms)
[epdc] clear 1/4 done (2068 ms)
[epdc] clear 2/4 enter (2068 ms)
[epdc] clear 2/4 done (2266 ms)
[epdc] clear 3/4 enter (2267 ms)
[epdc] clear 3/4 done (2464 ms)
[ui] 2464 ms: cleared
[ui] 2465 ms: buffers
[rec] SD ready, 30412 MB free

[port dropped: read failed: [Errno 6] Device not configured]
[opened /dev/cu.usbmodem3C8427EEA3582]

[main] e-paper bike computer booting
[+1s] boot firmware v0.88 (reset: interrupt watchdog [5])
[+1s] cpu 240 MHz
[  1360][W][Wire.cpp:301] begin(): Bus already started in Master Mode.
(230) Checking chosen profile
(244) Checking data memory
[+1s] gauge: init ok, device 0x0220 (expect 0x0220)
[+1s] gauge: boot SOC 83% after 1 try
[  1613][E][Preferences.cpp:460] getString(): nvs_get_str len fail: sens_cad NOT_FOUND
[  1618][E][Preferences.cpp:460] getString(): nvs_get_str len fail: snm_cad NOT_FOUND
[cfg] ftp=300W tz=-420min sensors=[de:16:0b:2f:f7:eb|da:6a:a5:0e:6f:b0|]
[epdc] heap before: internal=207896 (largest 180212) psram=8337127
[epdc] fastbuffer->PSRAM: reserved 131060 internal, largest now 49140 (need >129600 to stay internal)
[  1648][W][EPD_Painter.cpp:765] begin(): [EPD] packed_fastbuffer: internal alloc failed, retrying in PSRAM
[epdc] ready: 4 grey levels, internal left=177776 psram left=7040847
[ui] 1658 ms: panel up
[ui] 1659 ms: backlight
[  1659][W][Wire.cpp:301] begin(): Bus already started in Master Mode.
[ui] 1706 ms: touch
[ui] 1707 ms: about to clear x4
[epdc] clear 0/4 enter (1707 ms)
[epdc] clear 0/4 done (2069 ms)
[epdc] clear 1/4 enter (2070 ms)
[epdc] clear 1/4 done (2267 ms)
[epdc] clear 2/4 enter (2267 ms)
[epdc] clear 2/4 done (2465 ms)
[epdc] clear 3/4 enter (2466 ms)
[epdc] clear 3/4 done (2663 ms)
[ui] 2663 ms: cleared
[ui] 2664 ms: buffers
[rec] SD ready, 30412 MB free

[port dropped: read failed: [Errno 6] Device not configured]
